
     Program PW2WANNIER v.6.8 starts on  4Nov2021 at  9:28:57 

     This program is part of the open-source Quantum ESPRESSO suite
     for quantum simulation of materials; please cite
         "P. Giannozzi et al., J. Phys.:Condens. Matter 21 395502 (2009);
         "P. Giannozzi et al., J. Phys.:Condens. Matter 29 465901 (2017);
         "P. Giannozzi et al., J. Chem. Phys. 152 154105 (2020);
          URL http://www.quantum-espresso.org", 
     in publications or presentations arising from this work. More details at
     http://www.quantum-espresso.org/quote

     Parallel version (MPI), running on     8 processors

     MPI processes distributed on     1 nodes
     R & G space division:  proc/nbgrp/npool/nimage =       8
     5963 MiB available memory on the printing compute node when the environment starts


  Reading nscf_save data

     Reading xml data from directory:

     ./si.save/
     Message from routine scan_end:
     No INFO block end statement, possibly corrupted file
     file Si_HSCV_PBE-1.0.UPF: wavefunction(s)  NL renormalized

     IMPORTANT: XC functional enforced from input :
     Exchange-correlation= PBE
                           (   1   4   3   4   0   0   0)
     Any further DFT definition will be discarded
     Please, verify this is what you really want


     Parallelization info
     --------------------
     sticks:   dense  smooth     PW     G-vecs:    dense   smooth      PW
     Min          45      45     15                  570      570     117
     Max          46      46     16                  573      573     121
     Sum         361     361    121                 4573     4573     941

     Using Slab Decomposition

     Reading collected, re-writing distributed wavefunctions

  Spin CASE ( default = unpolarized )

  Wannier mode is: standalone     

  -----------------
  *** Reading nnkp 
  -----------------

  Checking info from wannier.nnkp file

  - Real lattice is ok
  - Reciprocal lattice is ok
  - K-points are ok
  - Number of wannier functions is ok ( 20)
  - All guiding functions are given 

 Projections:
   -0.665130    0.637430    0.895170  0  1  1    1.000000
   -0.765985    0.539210    0.320615  0  1  1    1.000000
   -0.797065    0.644990    0.701945  0  1  1    1.000000
   -0.105735    0.192240    0.112665  0  1  1    1.000000
   -0.473620    0.498960    0.821040  0  1  1    1.000000
   -0.509215    0.388045    0.330940  0  1  1    1.000000
   -0.514700    0.660835    0.700595  0  1  1    1.000000
   -0.725990    0.725495    0.877995  0  1  1    1.000000
   -0.675730    0.458865    0.390035  0  1  1    1.000000
   -0.675760    0.453460    0.375870  0  1  1    1.000000
   -0.362330    0.470570    0.534310  0  1  1    1.000000
   -0.287640    0.455690    0.466290  0  1  1    1.000000
   -0.444865    0.661590    0.274075  0  1  1    1.000000
   -0.396470    0.489960    0.542010  0  1  1    1.000000
   -0.378205    0.239090    0.195835  0  1  1    1.000000
   -0.015125    0.455100    0.465055  0  1  1    1.000000
   -0.504580    0.440860    0.596370  0  1  1    1.000000
   -0.240690    0.167885    0.350965  0  1  1    1.000000
   -0.773400    0.485525    0.479115  0  1  1    1.000000
   -0.549270    0.406125    0.601405  0  1  1    1.000000

  Reading data about k-point neighbours 

  All neighbours are found 

  Opening pp-files 


  --------------------------
  *** Compute  A projections
  --------------------------

  AMN: iknum =       64
       1       2       3       4       5       6       7       8       9      10
      11      12      13      14      15      16      17      18      19      20
      21      22      23      24      25      26      27      28      29      30
      31      32      33      34      35      36      37      38      39      40
      41      42      43      44      45      46      47      48      49      50
      51      52      53      54      55      56      57      58      59      60
      61      62      63      64

  AMN calculated

  ---------------
  *** Compute  M 
  ---------------

  MMN: iknum =       64
       1       2       3       4       5       6       7       8       9      10
      11      12      13      14      15      16      17      18      19      20
      21      22      23      24      25      26      27      28      29      30
      31      32      33      34      35      36      37      38      39      40
      41      42      43      44      45      46      47      48      49      50
      51      52      53      54      55      56      57      58      59      60
      61      62      63      64

  MMN calculated

  -----------------------------------
  *** Orbital terms are not computed 
  -----------------------------------

  -----------------------------------
  *** SHC terms are not computed 
  -----------------------------------

  ----------------
  *** Write bands 
  ----------------


  --------------------
  *** Write plot info 
  --------------------

 UNK: iknum =       64
       1       2       3       4       5       6       7       8       9      10
      11      12      13      14      15      16      17      18      19      20
      21      22      23      24      25      26      27      28      29      30
      31      32      33      34      35      36      37      38      39      40
      41      42      43      44      45      46      47      48      49      50
      51      52      53      54      55      56      57      58      59      60
      61      62      63      64

  UNK written

  -----------------------------
  *** Parity info is not printed 
  -----------------------------

  ------------
  *** Stop pp 
  ------------


     init_pw2wan  :      0.22s CPU      0.22s WALL (       1 calls)
     compute_amn  :      1.89s CPU      1.89s WALL (       1 calls)
     compute_mmn  :      0.45s CPU      0.47s WALL (       1 calls)
     write_unk    :     19.89s CPU     20.61s WALL (       1 calls)

     PW2WANNIER   :     22.44s CPU     23.19s WALL


   This run was terminated on:   9:29:20   4Nov2021            

=------------------------------------------------------------------------------=
   JOB DONE.
=------------------------------------------------------------------------------=

